// Jest Snapshot v1, https://jestjs.io/docs/snapshot-testing

exports[`renders Projects component correctly 1`] = `
<DocumentFragment>
  <div
    class="volunteering"
    id="volunteering"
  >
    <div
      class="volunteering-title"
    >
      <h1>
        Volunteering Experience
      </h1>
    </div>
    <div
      class="volunteering-container"
    >
      <div
        class="project-card"
      >
        <img
          alt="TPU System Engineer"
          src="test-file-stub"
        />
        <div
          class="project-overlay"
        >
          <h2>
            TPU System Engineer
          </h2>
          <p>
            August 2024 - May 2025
          </p>
        </div>
      </div>
      <div
        class="project-card"
      >
        <img
          alt="VP of Technology & Projects"
          src="test-file-stub"
        />
        <div
          class="project-overlay"
        >
          <h2>
            VP of Technology & Projects
          </h2>
          <p>
            September 2024 - Present
          </p>
        </div>
      </div>
    </div>
  </div>
</DocumentFragment>
`;
