// Jest Snapshot v1, https://jestjs.io/docs/snapshot-testing

exports[`renders Resume component correctly 1`] = `
<DocumentFragment>
  <a
    class="resume-link"
    href="/Tarek_Ibrahim_Resume.pdf"
    rel="noopener noreferrer"
    target="_blank"
  >
    Resume
  </a>
</DocumentFragment>
`;
