// Jest Snapshot v1, https://goo.gl/fbAQLP

exports[`renders Work component correctly 1`] = `
<DocumentFragment>
  <div
    class="work"
    id="work"
  >
    <div
      class="work-title"
    >
      <h1>
        Work Experience
      </h1>
    </div>
    <div
      class="work-container"
    >
      <div
        class="project-card"
      >
        <img
          alt="Software Developer"
          src="test-file-stub"
        />
        <div
          class="project-overlay"
        >
          <h2>
            Software Developer
          </h2>
          <p>
            May 2025 - December 2025
          </p>
        </div>
      </div>
      <div
        class="project-card"
      >
        <img
          alt="Bioinformatics Software Developer"
          src="test-file-stub"
        />
        <div
          class="project-overlay"
        >
          <h2>
            Bioinformatics Software Developer
          </h2>
          <p>
            January 2025 - April 2025
          </p>
        </div>
      </div>
      <div
        class="project-card"
      >
        <img
          alt="Teaching Assistant - Digital Systems"
          src="test-file-stub"
        />
        <div
          class="project-overlay"
        >
          <h2>
            Teaching Assistant - Digital Systems
          </h2>
          <p>
            September 2024 - December 2024
          </p>
        </div>
      </div>
      <div
        class="project-card"
      >
        <img
          alt="Junior Software Developer"
          src="test-file-stub"
        />
        <div
          class="project-overlay"
        >
          <h2>
            Junior Software Developer
          </h2>
          <p>
            April 2024 - August 2024
          </p>
        </div>
      </div>
    </div>
  </div>
</DocumentFragment>
`;
