// Jest Snapshot v1, https://jestjs.io/docs/snapshot-testing

exports[`renders App component correctly 1`] = `
<DocumentFragment>
  <div
    class="container"
  >
    <video
      autoplay=""
      loop=""
      playsinline=""
      preload="auto"
      src="test-file-stub"
      style="filter: brightness(0.4);"
    />
    <nav
      class="nav-container"
    >
      <div
        class="navbar"
      >
        <img
          alt="Open Menu"
          src="test-file-stub"
        />
        <ul
          class="nav-menu"
          style="right: -160px;"
        >
          <img
            alt="Close Menu"
            src="test-file-stub"
          />
          <li>
            <a
              class="nav-button"
              href="#home"
            >
              <button
                class="nav-item-button"
              >
                Home
              </button>
            </a>
          </li>
          <li>
            <a
              class="nav-button"
              href="#about"
            >
              <button
                class="nav-item-button"
              >
                About
              </button>
            </a>
          </li>
          <li>
            <a
              class="nav-button"
              href="#projects"
            >
              <button
                class="nav-item-button"
              >
                Projects
              </button>
            </a>
          </li>
          <li>
            <a
              class="nav-button"
              href="#work"
            >
              <button
                class="nav-item-button"
              >
                Work
              </button>
            </a>
          </li>
          <li>
            <a
              class="nav-button"
              href="#volunteering"
            >
              <button
                class="nav-item-button"
              >
                Volunteering
              </button>
            </a>
          </li>
          <li>
            <a
              class="nav-button"
              href="#contact"
            >
              <button
                class="nav-item-button"
              >
                Contact
              </button>
            </a>
          </li>
          <li>
            <a
              class="resume-link"
              href="/Tarek_Ibrahim_Resume.pdf"
              rel="noopener noreferrer"
              target="_blank"
            >
              Resume
            </a>
          </li>
        </ul>
      </div>
    </nav>
    <div
      class="hero"
      id="home"
    >
      <div
        class="content"
      >
        <h1
          class="center-text"
        >
          Tarek Ibrahim
        </h1>
        <div
          class="center-text"
        >
          <div
            class="Typewriter"
            data-testid="typewriter-wrapper"
          >
            <span
              class="Typewriter__wrapper"
            />
            <span
              class="Typewriter__cursor"
            >
              |
            </span>
          </div>
        </div>
        <div
          class="social-icons"
        >
          <a
            class="social-icon linkedin"
            href="https://www.linkedin.com/in/im-tarek"
            rel="noopener noreferrer"
            target="_blank"
          >
            <svg
              aria-hidden="true"
              class="MuiSvgIcon-root MuiSvgIcon-fontSizeMedium css-1umw9bq-MuiSvgIcon-root"
              data-testid="LinkedInIcon"
              focusable="false"
              viewBox="0 0 24 24"
            >
              <path
                d="M19 3a2 2 0 0 1 2 2v14a2 2 0 0 1-2 2H5a2 2 0 0 1-2-2V5a2 2 0 0 1 2-2h14m-.5 15.5v-5.3a3.26 3.26 0 0 0-3.26-3.26c-.85 0-1.84.52-2.32 1.3v-1.11h-2.79v8.37h2.79v-4.93c0-.77.62-1.4 1.39-1.4a1.4 1.4 0 0 1 1.4 1.4v4.93h2.79M6.88 8.56a1.68 1.68 0 0 0 1.68-1.68c0-.93-.75-1.69-1.68-1.69a1.69 1.69 0 0 0-1.69 1.69c0 .93.76 1.68 1.69 1.68m1.39 9.94v-8.37H5.5v8.37h2.77z"
              />
            </svg>
          </a>
          <a
            class="social-icon github"
            href="https://github.com/machine-moon/"
            rel="noopener noreferrer"
            target="_blank"
          >
            <svg
              aria-hidden="true"
              class="MuiSvgIcon-root MuiSvgIcon-fontSizeMedium css-1umw9bq-MuiSvgIcon-root"
              data-testid="GitHubIcon"
              focusable="false"
              viewBox="0 0 24 24"
            >
              <path
                d="M12 1.27a11 11 0 00-3.48 21.46c.55.09.73-.28.73-.55v-1.84c-3.03.64-3.67-1.46-3.67-1.46-.55-1.29-1.28-1.65-1.28-1.65-.92-.65.1-.65.1-.65 1.1 0 1.73 1.1 1.73 1.1.92 1.65 2.57 1.2 3.21.92a2 2 0 01.64-1.47c-2.47-.27-5.04-1.19-5.04-5.5 0-1.1.46-2.1 1.2-2.84a3.76 3.76 0 010-2.93s.91-.28 3.11 1.1c1.8-.49 3.7-.49 5.5 0 2.1-1.38 3.02-1.1 3.02-1.1a3.76 3.76 0 010 2.93c.83.74 1.2 1.74 1.2 2.94 0 4.21-2.57 5.13-5.04 5.4.45.37.82.92.82 2.02v3.03c0 .27.1.64.73.55A11 11 0 0012 1.27"
              />
            </svg>
          </a>
          <a
            class="social-icon email"
            href="mailto:tarekibrahim3@cmail.carleton.ca"
            rel="noopener noreferrer"
            target="_blank"
          >
            <svg
              aria-hidden="true"
              class="MuiSvgIcon-root MuiSvgIcon-fontSizeMedium css-1umw9bq-MuiSvgIcon-root"
              data-testid="EmailIcon"
              focusable="false"
              viewBox="0 0 24 24"
            >
              <path
                d="M20 4H4c-1.1 0-1.99.9-1.99 2L2 18c0 1.1.9 2 2 2h16c1.1 0 2-.9 2-2V6c0-1.1-.9-2-2-2m0 4-8 5-8-5V6l8 5 8-5z"
              />
            </svg>
          </a>
          <a
            class="social-icon leetcode"
            href="https://leetcode.com/u/t-ibra/"
            rel="noopener noreferrer"
            target="_blank"
          >
            <svg
              aria-hidden="true"
              class="MuiSvgIcon-root MuiSvgIcon-fontSizeMedium css-1umw9bq-MuiSvgIcon-root"
              data-testid="CodeIcon"
              focusable="false"
              viewBox="0 0 24 24"
            >
              <path
                d="M9.4 16.6 4.8 12l4.6-4.6L8 6l-6 6 6 6zm5.2 0 4.6-4.6-4.6-4.6L16 6l6 6-6 6z"
              />
            </svg>
          </a>
        </div>
      </div>
    </div>
    <div
      class="about"
      id="about"
    >
      <div
        class="about-title"
      >
        <h1>
          About Me
        </h1>
      </div>
      <div
        class="about-sections"
      >
        <div
          class="about-right"
        >
          <div
            class="about-para"
          >
            <p>
              Hello! I'm Tarek Ibrahim, a dedicated and passionate software developer based in Ottawa, Ontario. Currently pursuing a degree in Software Engineering with Co-op at Carleton University,
            </p>
            <p>
              I have a strong passion for software development, with over 5 years of programming experience across a variety of languages and projects. What excites me most about software is the creativity of building something from behind a keyboard and the endless opportunities for learning and growth. I am constantly seeking to learn new technologies and refine my skills. Below are my most used languages.
            </p>
          </div>
          <div
            class="about-skills"
          >
            <div
              class="about-skill"
            >
              <div
                class="skill-text"
              >
                <p>
                  C/C++
                </p>
              </div>
              <hr
                style="width: 100%;"
              />
            </div>
            <div
              class="about-skill"
            >
              <div
                class="skill-text"
              >
                <p>
                  Python
                </p>
              </div>
              <hr
                style="width: 100%;"
              />
            </div>
            <div
              class="about-skill"
            >
              <div
                class="skill-text"
              >
                <p>
                  Golang
                </p>
              </div>
              <hr
                style="width: 80%;"
              />
            </div>
            <div
              class="about-skill"
            >
              <div
                class="skill-text"
              >
                <p>
                  JavaScript
                </p>
              </div>
              <hr
                style="width: 70%;"
              />
            </div>
            <div
              class="about-skill"
            >
              <div
                class="skill-text"
              >
                <p>
                  Java
                </p>
              </div>
              <hr
                style="width: 70%;"
              />
            </div>
          </div>
        </div>
      </div>
      <div
        class="about-achievements"
      >
        <div
          class="about-achievement"
        >
          <h1>
            4+
          </h1>
          <p>
            YEARS PROGRAMMING EXPERIENCE
          </p>
          <hr />
        </div>
        <div
          class="about-achievement"
        >
          <h1>
            30+
          </h1>
          <p>
            PROJECTS
          </p>
          <hr />
        </div>
        <div
          class="about-achievement"
        >
          <h1>
            1+
          </h1>
          <p>
            YEARS WORK EXPERIENCE
          </p>
        </div>
      </div>
    </div>
    <div
      class="mywork"
      id="projects"
    >
      <div
        class="mywork-title"
      >
        <h1>
          My Projects
        </h1>
      </div>
      <div
        class="mywork-container"
      >
        <div
          class="project-card"
        >
          <img
            alt="tUnit"
            src="test-file-stub"
          />
          <div
            class="project-overlay"
          >
            <h2>
              tUnit
            </h2>
            <p>
              Write tests that read like specifications, execute like lightning ⚡
            </p>
            <a
              href="https://github.com/machine-moon/tunit"
              rel="noopener noreferrer"
              target="_blank"
            >
              <button
                class="project-button"
              >
                GitHub
              </button>
            </a>
          </div>
        </div>
        <div
          class="project-card"
        >
          <img
            alt="CuMind"
            src="test-file-stub"
          />
          <div
            class="project-overlay"
          >
            <h2>
              CuMind
            </h2>
            <p>
              A JAX-based reinforcement learning framework inspired by Google DeepMind's MuZero. It combines Monte Carlo Tree Search (MCTS) with a learned model to master environments like classic control problems.
            </p>
            <a
              href="https://github.com/machine-moon/CuMind"
              rel="noopener noreferrer"
              target="_blank"
            >
              <button
                class="project-button"
              >
                GitHub
              </button>
            </a>
          </div>
        </div>
        <div
          class="project-card"
        >
          <img
            alt="Vibe Check"
            src="test-file-stub"
          />
          <div
            class="project-overlay"
          >
            <h2>
              Vibe Check
            </h2>
            <p>
              Vibecheck is an application that allows users to CRUD tweets and features a gameplay frontend to check-the-vibe based on tweets. It utilizes a Go backend with a RESTful API, Redis caching, and a React frontend.
            </p>
            <a
              href="https://github.com/machine-moon/vibecheck"
              rel="noopener noreferrer"
              target="_blank"
            >
              <button
                class="project-button"
              >
                Github
              </button>
            </a>
          </div>
        </div>
        <div
          class="project-card"
        >
          <img
            alt="T-Embedded"
            src="test-file-stub"
          />
          <div
            class="project-overlay"
          >
            <h2>
              T-Embedded
            </h2>
            <p>
              This project contains my embedded work using the MSP432 microcontroller from Texas Instruments. Topics covered include ADC, GPIO, NVIC, UART, interrupts, timers, and concurrency using QNX.
            </p>
            <a
              href="https://github.com/machine-moon/t-embedded"
              rel="noopener noreferrer"
              target="_blank"
            >
              <button
                class="project-button"
              >
                GitHub
              </button>
            </a>
          </div>
        </div>
        <div
          class="project-card"
        >
          <img
            alt="Operating System Simulators"
            src="test-file-stub"
          />
          <div
            class="project-overlay"
          >
            <h2>
              Operating System Simulators
            </h2>
            <p>
              A collection of simulators demonstrating process management, scheduling, and system calls.
            </p>
            <a
              href="https://github.com/machine-moon/syscall-simulator"
              rel="noopener noreferrer"
              target="_blank"
            >
              <button
                class="project-button"
              >
                Syscall Simulator
              </button>
            </a>
            <a
              href="https://github.com/machine-moon/process-simulator"
              rel="noopener noreferrer"
              target="_blank"
            >
              <button
                class="project-button"
              >
                Process Simulator
              </button>
            </a>
            <a
              href="https://github.com/machine-moon/scheduler-simulator"
              rel="noopener noreferrer"
              target="_blank"
            >
              <button
                class="project-button"
              >
                Scheduler Simulator
              </button>
            </a>
          </div>
        </div>
        <div
          class="project-card"
        >
          <img
            alt="T-Docker"
            src="test-file-stub"
          />
          <div
            class="project-overlay"
          >
            <h2>
              T-Docker
            </h2>
            <p>
              A streamlined suite of Docker Compose setups for easy application deployment on an NGINX Network
            </p>
            <a
              href="https://github.com/machine-moon/tdocker"
              rel="noopener noreferrer"
              target="_blank"
            >
              <button
                class="project-button"
              >
                GitHub
              </button>
            </a>
            <a
              href="https://github.com/machine-moon/tdocker"
              rel="noopener noreferrer"
              target="_blank"
            >
              <button
                class="project-button"
              >
                Demo (soon)
              </button>
            </a>
          </div>
        </div>
      </div>
      <div
        class="mywork-showmore"
      >
        <a
          href="https://github.com/machine-moon?tab=repositories"
          rel="noopener noreferrer"
          target="_blank"
        >
          <p>
            More Projects
          </p>
        </a>
        <div
          class="arrow-outward-icon"
        >
          <svg
            aria-hidden="true"
            class="MuiSvgIcon-root MuiSvgIcon-fontSizeMedium css-1umw9bq-MuiSvgIcon-root"
            data-testid="ArrowForwardIosIcon"
            focusable="false"
            viewBox="0 0 24 24"
          >
            <path
              d="M6.23 20.23 8 22l10-10L8 2 6.23 3.77 14.46 12z"
            />
          </svg>
        </div>
      </div>
    </div>
    <div
      class="work"
      id="work"
    >
      <div
        class="work-title"
      >
        <h1>
          Work Experience
        </h1>
      </div>
      <div
        class="work-container"
      >
        <div
          class="project-card"
        >
          <img
            alt="Software Developer"
            src="test-file-stub"
          />
          <div
            class="project-overlay"
          >
            <h2>
              Software Developer
            </h2>
            <p>
              May 2025 - December 2025
            </p>
          </div>
        </div>
        <div
          class="project-card"
        >
          <img
            alt="Bioinformatics Software Developer"
            src="test-file-stub"
          />
          <div
            class="project-overlay"
          >
            <h2>
              Bioinformatics Software Developer
            </h2>
            <p>
              January 2025 - April 2025
            </p>
          </div>
        </div>
        <div
          class="project-card"
        >
          <img
            alt="Teaching Assistant - Digital Systems"
            src="test-file-stub"
          />
          <div
            class="project-overlay"
          >
            <h2>
              Teaching Assistant - Digital Systems
            </h2>
            <p>
              September 2024 - December 2024
            </p>
          </div>
        </div>
        <div
          class="project-card"
        >
          <img
            alt="Junior Software Developer"
            src="test-file-stub"
          />
          <div
            class="project-overlay"
          >
            <h2>
              Junior Software Developer
            </h2>
            <p>
              April 2024 - August 2024
            </p>
          </div>
        </div>
      </div>
    </div>
    <div
      class="volunteering"
      id="volunteering"
    >
      <div
        class="volunteering-title"
      >
        <h1>
          Volunteering Experience
        </h1>
      </div>
      <div
        class="volunteering-container"
      >
        <div
          class="project-card"
        >
          <img
            alt="TPU System Engineer"
            src="test-file-stub"
          />
          <div
            class="project-overlay"
          >
            <h2>
              TPU System Engineer
            </h2>
            <p>
              August 2024 - May 2025
            </p>
          </div>
        </div>
        <div
          class="project-card"
        >
          <img
            alt="VP of Technology & Projects"
            src="test-file-stub"
          />
          <div
            class="project-overlay"
          >
            <h2>
              VP of Technology & Projects
            </h2>
            <p>
              September 2024 - Present
            </p>
          </div>
        </div>
      </div>
    </div>
    <div
      class="contact"
      id="contact"
    >
      <div
        class="contact-title"
      >
        <h1>
          Get In Touch
        </h1>
      </div>
      <div
        class="contact-section"
      >
        <div
          class="contact-left"
        >
          <h1>
            Connect With Me
          </h1>
          <p>
            I am a Software Engineer currently looking for software engineering internship opportunities! If you know of any positions available, have any questions, or just want to get in touch, feel free to contact me. I will get back to you as soon as possible!
          </p>
          <div
            class="contact-details"
          >
            <div
              class="contact-detail"
            >
              <svg
                aria-hidden="true"
                class="MuiSvgIcon-root MuiSvgIcon-fontSizeMedium css-1umw9bq-MuiSvgIcon-root"
                data-testid="EmailIcon"
                focusable="false"
                viewBox="0 0 24 24"
              >
                <path
                  d="M20 4H4c-1.1 0-1.99.9-1.99 2L2 18c0 1.1.9 2 2 2h16c1.1 0 2-.9 2-2V6c0-1.1-.9-2-2-2m0 4-8 5-8-5V6l8 5 8-5z"
                />
              </svg>
              <p>
                tarekibrahim3@cmail.carleton.ca
              </p>
            </div>
            <div
              class="contact-detail"
            >
              <svg
                aria-hidden="true"
                class="MuiSvgIcon-root MuiSvgIcon-fontSizeMedium css-1umw9bq-MuiSvgIcon-root"
                data-testid="PhoneIcon"
                focusable="false"
                viewBox="0 0 24 24"
              >
                <path
                  d="M6.62 10.79c1.44 2.83 3.76 5.14 6.59 6.59l2.2-2.2c.27-.27.67-.36 1.02-.24 1.12.37 2.33.57 3.57.57.55 0 1 .45 1 1V20c0 .55-.45 1-1 1-9.39 0-17-7.61-17-17 0-.55.45-1 1-1h3.5c.55 0 1 .45 1 1 0 1.25.2 2.45.57 3.57.11.35.03.74-.25 1.02z"
                />
              </svg>
              <p>
                +1(613) 220 7759
              </p>
            </div>
            <div
              class="contact-detail"
            >
              <svg
                aria-hidden="true"
                class="MuiSvgIcon-root MuiSvgIcon-fontSizeMedium css-1umw9bq-MuiSvgIcon-root"
                data-testid="LocationOnIcon"
                focusable="false"
                viewBox="0 0 24 24"
              >
                <path
                  d="M12 2C8.13 2 5 5.13 5 9c0 5.25 7 13 7 13s7-7.75 7-13c0-3.87-3.13-7-7-7m0 9.5c-1.38 0-2.5-1.12-2.5-2.5s1.12-2.5 2.5-2.5 2.5 1.12 2.5 2.5-1.12 2.5-2.5 2.5"
                />
              </svg>
              <p>
                Ottawa, Ontario, Canada
              </p>
            </div>
          </div>
        </div>
        <form
          class="contact-right"
        >
          <label
            for="name"
          >
            Your Name
          </label>
          <input
            name="name"
            placeholder="Enter your name"
            type="text"
          />
          <label
            for="email"
          >
            Your Email
          </label>
          <input
            name="email"
            placeholder="Enter your email"
            type="email"
          />
          <label
            for="message"
          >
            Your Message
          </label>
          <textarea
            name="message"
            placeholder="Enter your message"
            rows="8"
          />
          <button
            class="contact-submit"
            type="submit"
          >
            Submit Message
          </button>
        </form>
      </div>
    </div>
    <div
      class="footer"
    >
      <hr />
      <div
        class="footer-bottom"
      >
        <p
          class="footer-bottom-left"
        >
          © 2025 Tarek Ibrahim
        </p>
        <p
          class="footer-bottom-right"
        >
          <a
            class="highlight-on-hover"
            href="https://github.com/machine-moon/t-website"
            rel="noopener noreferrer"
            target="_blank"
          >
            Check out the website source code on GitHub
          </a>
        </p>
        <div
          class="social-icons"
        >
          <a
            class="social-icon linkedin"
            href="https://www.linkedin.com/in/im-tarek"
            rel="noopener noreferrer"
            target="_blank"
          >
            <svg
              aria-hidden="true"
              class="MuiSvgIcon-root MuiSvgIcon-fontSizeMedium css-1umw9bq-MuiSvgIcon-root"
              data-testid="LinkedInIcon"
              focusable="false"
              viewBox="0 0 24 24"
            >
              <path
                d="M19 3a2 2 0 0 1 2 2v14a2 2 0 0 1-2 2H5a2 2 0 0 1-2-2V5a2 2 0 0 1 2-2h14m-.5 15.5v-5.3a3.26 3.26 0 0 0-3.26-3.26c-.85 0-1.84.52-2.32 1.3v-1.11h-2.79v8.37h2.79v-4.93c0-.77.62-1.4 1.39-1.4a1.4 1.4 0 0 1 1.4 1.4v4.93h2.79M6.88 8.56a1.68 1.68 0 0 0 1.68-1.68c0-.93-.75-1.69-1.68-1.69a1.69 1.69 0 0 0-1.69 1.69c0 .93.76 1.68 1.69 1.68m1.39 9.94v-8.37H5.5v8.37h2.77z"
              />
            </svg>
          </a>
          <a
            class="social-icon github"
            href="https://github.com/machine-moon/"
            rel="noopener noreferrer"
            target="_blank"
          >
            <svg
              aria-hidden="true"
              class="MuiSvgIcon-root MuiSvgIcon-fontSizeMedium css-1umw9bq-MuiSvgIcon-root"
              data-testid="GitHubIcon"
              focusable="false"
              viewBox="0 0 24 24"
            >
              <path
                d="M12 1.27a11 11 0 00-3.48 21.46c.55.09.73-.28.73-.55v-1.84c-3.03.64-3.67-1.46-3.67-1.46-.55-1.29-1.28-1.65-1.28-1.65-.92-.65.1-.65.1-.65 1.1 0 1.73 1.1 1.73 1.1.92 1.65 2.57 1.2 3.21.92a2 2 0 01.64-1.47c-2.47-.27-5.04-1.19-5.04-5.5 0-1.1.46-2.1 1.2-2.84a3.76 3.76 0 010-2.93s.91-.28 3.11 1.1c1.8-.49 3.7-.49 5.5 0 2.1-1.38 3.02-1.1 3.02-1.1a3.76 3.76 0 010 2.93c.83.74 1.2 1.74 1.2 2.94 0 4.21-2.57 5.13-5.04 5.4.45.37.82.92.82 2.02v3.03c0 .27.1.64.73.55A11 11 0 0012 1.27"
              />
            </svg>
          </a>
          <a
            class="social-icon email"
            href="mailto:tarekibrahim3@cmail.carleton.ca"
            rel="noopener noreferrer"
            target="_blank"
          >
            <svg
              aria-hidden="true"
              class="MuiSvgIcon-root MuiSvgIcon-fontSizeMedium css-1umw9bq-MuiSvgIcon-root"
              data-testid="EmailIcon"
              focusable="false"
              viewBox="0 0 24 24"
            >
              <path
                d="M20 4H4c-1.1 0-1.99.9-1.99 2L2 18c0 1.1.9 2 2 2h16c1.1 0 2-.9 2-2V6c0-1.1-.9-2-2-2m0 4-8 5-8-5V6l8 5 8-5z"
              />
            </svg>
          </a>
          <a
            class="social-icon leetcode"
            href="https://leetcode.com/u/t-ibra/"
            rel="noopener noreferrer"
            target="_blank"
          >
            <svg
              aria-hidden="true"
              class="MuiSvgIcon-root MuiSvgIcon-fontSizeMedium css-1umw9bq-MuiSvgIcon-root"
              data-testid="CodeIcon"
              focusable="false"
              viewBox="0 0 24 24"
            >
              <path
                d="M9.4 16.6 4.8 12l4.6-4.6L8 6l-6 6 6 6zm5.2 0 4.6-4.6-4.6-4.6L16 6l6 6-6 6z"
              />
            </svg>
          </a>
        </div>
      </div>
    </div>
  </div>
</DocumentFragment>
`;
